Analysis & Synthesis report for pwm
Sun Oct 16 20:44:02 2022
Quartus Prime Version 18.1.0 Build 625 09/12/2018 SJ Lite Edition


---------------------
; Table of Contents ;
---------------------
  1. Legal Notice
  2. Analysis & Synthesis Summary
  3. Analysis & Synthesis Settings
  4. Parallel Compilation
  5. Analysis & Synthesis Source Files Read
  6. Analysis & Synthesis Resource Usage Summary
  7. Analysis & Synthesis Resource Utilization by Entity
  8. Registers Removed During Synthesis
  9. General Register Statistics
 10. Multiplexer Restructuring Statistics (Restructuring Performed)
 11. Parameter Settings for User Entity Instance: divf:u1
 12. Parameter Settings for User Entity Instance: divf:u11
 13. Port Connectivity Checks: "senal:u10"
 14. Port Connectivity Checks: "senal:u9"
 15. Port Connectivity Checks: "senal:u8"
 16. Port Connectivity Checks: "senal:u7"
 17. Port Connectivity Checks: "senal:u6"
 18. Port Connectivity Checks: "senal:u5"
 19. Port Connectivity Checks: "senal:u4"
 20. Port Connectivity Checks: "senal:u3"
 21. Port Connectivity Checks: "senal:u2"
 22. Post-Synthesis Netlist Statistics for Top Partition
 23. Elapsed Time Per Partition
 24. Analysis & Synthesis Messages



----------------
; Legal Notice ;
----------------
Copyright (C) 2018  Intel Corporation. All rights reserved.
Your use of Intel Corporation's design tools, logic functions 
and other software and tools, and its AMPP partner logic 
functions, and any output files from any of the foregoing 
(including device programming or simulation files), and any 
associated documentation or information are expressly subject 
to the terms and conditions of the Intel Program License 
Subscription Agreement, the Intel Quartus Prime License Agreement,
the Intel FPGA IP License Agreement, or other applicable license
agreement, including, without limitation, that your use is for
the sole purpose of programming logic devices manufactured by
Intel and sold by Intel or its authorized distributors.  Please
refer to the applicable agreement for further details.



+----------------------------------------------------------------------------------+
; Analysis & Synthesis Summary                                                     ;
+------------------------------------+---------------------------------------------+
; Analysis & Synthesis Status        ; Successful - Sun Oct 16 20:44:02 2022       ;
; Quartus Prime Version              ; 18.1.0 Build 625 09/12/2018 SJ Lite Edition ;
; Revision Name                      ; pwm                                         ;
; Top-level Entity Name              ; pwm                                         ;
; Family                             ; MAX 10                                      ;
; Total logic elements               ; 155                                         ;
;     Total combinational functions  ; 155                                         ;
;     Dedicated logic registers      ; 65                                          ;
; Total registers                    ; 65                                          ;
; Total pins                         ; 10                                          ;
; Total virtual pins                 ; 0                                           ;
; Total memory bits                  ; 0                                           ;
; Embedded Multiplier 9-bit elements ; 0                                           ;
; Total PLLs                         ; 0                                           ;
; UFM blocks                         ; 0                                           ;
; ADC blocks                         ; 0                                           ;
+------------------------------------+---------------------------------------------+


+------------------------------------------------------------------------------------------------------------+
; Analysis & Synthesis Settings                                                                              ;
+------------------------------------------------------------------+--------------------+--------------------+
; Option                                                           ; Setting            ; Default Value      ;
+------------------------------------------------------------------+--------------------+--------------------+
; Device                                                           ; 10M50DAF484C7G     ;                    ;
; Top-level entity name                                            ; pwm                ; pwm                ;
; Family name                                                      ; MAX 10             ; Cyclone V          ;
; Use smart compilation                                            ; Off                ; Off                ;
; Enable parallel Assembler and Timing Analyzer during compilation ; On                 ; On                 ;
; Enable compact report table                                      ; Off                ; Off                ;
; Restructure Multiplexers                                         ; Auto               ; Auto               ;
; Create Debugging Nodes for IP Cores                              ; Off                ; Off                ;
; Preserve fewer node names                                        ; On                 ; On                 ;
; Intel FPGA IP Evaluation Mode                                    ; Enable             ; Enable             ;
; Verilog Version                                                  ; Verilog_2001       ; Verilog_2001       ;
; VHDL Version                                                     ; VHDL_1993          ; VHDL_1993          ;
; State Machine Processing                                         ; Auto               ; Auto               ;
; Safe State Machine                                               ; Off                ; Off                ;
; Extract Verilog State Machines                                   ; On                 ; On                 ;
; Extract VHDL State Machines                                      ; On                 ; On                 ;
; Ignore Verilog initial constructs                                ; Off                ; Off                ;
; Iteration limit for constant Verilog loops                       ; 5000               ; 5000               ;
; Iteration limit for non-constant Verilog loops                   ; 250                ; 250                ;
; Add Pass-Through Logic to Inferred RAMs                          ; On                 ; On                 ;
; Infer RAMs from Raw Logic                                        ; On                 ; On                 ;
; Parallel Synthesis                                               ; On                 ; On                 ;
; DSP Block Balancing                                              ; Auto               ; Auto               ;
; NOT Gate Push-Back                                               ; On                 ; On                 ;
; Power-Up Don't Care                                              ; On                 ; On                 ;
; Remove Redundant Logic Cells                                     ; Off                ; Off                ;
; Remove Duplicate Registers                                       ; On                 ; On                 ;
; Ignore CARRY Buffers                                             ; Off                ; Off                ;
; Ignore CASCADE Buffers                                           ; Off                ; Off                ;
; Ignore GLOBAL Buffers                                            ; Off                ; Off                ;
; Ignore ROW GLOBAL Buffers                                        ; Off                ; Off                ;
; Ignore LCELL Buffers                                             ; Off                ; Off                ;
; Ignore SOFT Buffers                                              ; On                 ; On                 ;
; Limit AHDL Integers to 32 Bits                                   ; Off                ; Off                ;
; Optimization Technique                                           ; Balanced           ; Balanced           ;
; Carry Chain Length                                               ; 70                 ; 70                 ;
; Auto Carry Chains                                                ; On                 ; On                 ;
; Auto Open-Drain Pins                                             ; On                 ; On                 ;
; Perform WYSIWYG Primitive Resynthesis                            ; Off                ; Off                ;
; Auto ROM Replacement                                             ; On                 ; On                 ;
; Auto RAM Replacement                                             ; On                 ; On                 ;
; Auto DSP Block Replacement                                       ; On                 ; On                 ;
; Auto Shift Register Replacement                                  ; Auto               ; Auto               ;
; Allow Shift Register Merging across Hierarchies                  ; Auto               ; Auto               ;
; Auto Clock Enable Replacement                                    ; On                 ; On                 ;
; Strict RAM Replacement                                           ; Off                ; Off                ;
; Allow Synchronous Control Signals                                ; On                 ; On                 ;
; Force Use of Synchronous Clear Signals                           ; Off                ; Off                ;
; Auto RAM Block Balancing                                         ; On                 ; On                 ;
; Auto RAM to Logic Cell Conversion                                ; Off                ; Off                ;
; Auto Resource Sharing                                            ; Off                ; Off                ;
; Allow Any RAM Size For Recognition                               ; Off                ; Off                ;
; Allow Any ROM Size For Recognition                               ; Off                ; Off                ;
; Allow Any Shift Register Size For Recognition                    ; Off                ; Off                ;
; Use LogicLock Constraints during Resource Balancing              ; On                 ; On                 ;
; Ignore translate_off and synthesis_off directives                ; Off                ; Off                ;
; Timing-Driven Synthesis                                          ; On                 ; On                 ;
; Report Parameter Settings                                        ; On                 ; On                 ;
; Report Source Assignments                                        ; On                 ; On                 ;
; Report Connectivity Checks                                       ; On                 ; On                 ;
; Ignore Maximum Fan-Out Assignments                               ; Off                ; Off                ;
; Synchronization Register Chain Length                            ; 2                  ; 2                  ;
; Power Optimization During Synthesis                              ; Normal compilation ; Normal compilation ;
; HDL message level                                                ; Level2             ; Level2             ;
; Suppress Register Optimization Related Messages                  ; Off                ; Off                ;
; Number of Removed Registers Reported in Synthesis Report         ; 5000               ; 5000               ;
; Number of Swept Nodes Reported in Synthesis Report               ; 5000               ; 5000               ;
; Number of Inverted Registers Reported in Synthesis Report        ; 100                ; 100                ;
; Clock MUX Protection                                             ; On                 ; On                 ;
; Auto Gated Clock Conversion                                      ; Off                ; Off                ;
; Block Design Naming                                              ; Auto               ; Auto               ;
; SDC constraint protection                                        ; Off                ; Off                ;
; Synthesis Effort                                                 ; Auto               ; Auto               ;
; Shift Register Replacement - Allow Asynchronous Clear Signal     ; On                 ; On                 ;
; Pre-Mapping Resynthesis Optimization                             ; Off                ; Off                ;
; Analysis & Synthesis Message Level                               ; Medium             ; Medium             ;
; Disable Register Merging Across Hierarchies                      ; Auto               ; Auto               ;
; Resource Aware Inference For Block RAM                           ; On                 ; On                 ;
+------------------------------------------------------------------+--------------------+--------------------+


+------------------------------------------+
; Parallel Compilation                     ;
+----------------------------+-------------+
; Processors                 ; Number      ;
+----------------------------+-------------+
; Number detected on machine ; 8           ;
; Maximum allowed            ; 4           ;
;                            ;             ;
; Average used               ; 1.00        ;
; Maximum used               ; 4           ;
;                            ;             ;
; Usage by Processor         ; % Time Used ;
;     Processor 1            ; 100.0%      ;
;     Processors 2-4         ;   0.0%      ;
+----------------------------+-------------+


+----------------------------------------------------------------------------------------------------------------------------------------------+
; Analysis & Synthesis Source Files Read                                                                                                       ;
+----------------------------------+-----------------+-----------------+-------------------------------------------------------------+---------+
; File Name with User-Entered Path ; Used in Netlist ; File Type       ; File Name with Absolute Path                                ; Library ;
+----------------------------------+-----------------+-----------------+-------------------------------------------------------------+---------+
; pwm.vhd                          ; yes             ; User VHDL File  ; C:/intelFPGA_lite/18.1/VLSI/practica4/ejercicio2/pwm.vhd    ;         ;
; divf.vhd                         ; yes             ; User VHDL File  ; C:/intelFPGA_lite/18.1/VLSI/practica4/ejercicio2/divf.vhd   ;         ;
; senal.vhd                        ; yes             ; User VHDL File  ; C:/intelFPGA_lite/18.1/VLSI/practica4/ejercicio2/senal.vhd  ;         ;
; corrim.vhd                       ; yes             ; User VHDL File  ; C:/intelFPGA_lite/18.1/VLSI/practica4/ejercicio2/corrim.vhd ;         ;
+----------------------------------+-----------------+-----------------+-------------------------------------------------------------+---------+


+---------------------------------------------------------+
; Analysis & Synthesis Resource Usage Summary             ;
+---------------------------------------------+-----------+
; Resource                                    ; Usage     ;
+---------------------------------------------+-----------+
; Estimated Total logic elements              ; 155       ;
;                                             ;           ;
; Total combinational functions               ; 155       ;
; Logic element usage by number of LUT inputs ;           ;
;     -- 4 input functions                    ; 58        ;
;     -- 3 input functions                    ; 24        ;
;     -- <=2 input functions                  ; 73        ;
;                                             ;           ;
; Logic elements by mode                      ;           ;
;     -- normal mode                          ; 108       ;
;     -- arithmetic mode                      ; 47        ;
;                                             ;           ;
; Total registers                             ; 65        ;
;     -- Dedicated logic registers            ; 65        ;
;     -- I/O registers                        ; 0         ;
;                                             ;           ;
; I/O pins                                    ; 10        ;
;                                             ;           ;
; Embedded Multiplier 9-bit elements          ; 0         ;
;                                             ;           ;
; Maximum fan-out node                        ; clk~input ;
; Maximum fan-out                             ; 42        ;
; Total fan-out                               ; 596       ;
; Average fan-out                             ; 2.48      ;
+---------------------------------------------+-----------+


+------------------------------------------------------------------------------------------------------------------------------------------------------------------------------------------------------------------------------------+
; Analysis & Synthesis Resource Utilization by Entity                                                                                                                                                                                ;
+----------------------------+---------------------+---------------------------+-------------+------------+--------------+---------+-----------+------+--------------+------------+---------------------+-------------+--------------+
; Compilation Hierarchy Node ; Combinational ALUTs ; Dedicated Logic Registers ; Memory Bits ; UFM Blocks ; DSP Elements ; DSP 9x9 ; DSP 18x18 ; Pins ; Virtual Pins ; ADC blocks ; Full Hierarchy Name ; Entity Name ; Library Name ;
+----------------------------+---------------------+---------------------------+-------------+------------+--------------+---------+-----------+------+--------------+------------+---------------------+-------------+--------------+
; |pwm                       ; 155 (0)             ; 65 (0)                    ; 0           ; 0          ; 0            ; 0       ; 0         ; 10   ; 0            ; 0          ; |pwm                ; pwm         ; work         ;
;    |corrim:u12|            ; 40 (40)             ; 4 (4)                     ; 0           ; 0          ; 0            ; 0       ; 0         ; 0    ; 0            ; 0          ; |pwm|corrim:u12     ; corrim      ; work         ;
;    |divf:u11|              ; 47 (47)             ; 26 (26)                   ; 0           ; 0          ; 0            ; 0       ; 0         ; 0    ; 0            ; 0          ; |pwm|divf:u11       ; divf        ; work         ;
;    |divf:u1|               ; 27 (27)             ; 16 (16)                   ; 0           ; 0          ; 0            ; 0       ; 0         ; 0    ; 0            ; 0          ; |pwm|divf:u1        ; divf        ; work         ;
;    |senal:u10|             ; 22 (22)             ; 11 (11)                   ; 0           ; 0          ; 0            ; 0       ; 0         ; 0    ; 0            ; 0          ; |pwm|senal:u10      ; senal       ; work         ;
;    |senal:u2|              ; 1 (1)               ; 1 (1)                     ; 0           ; 0          ; 0            ; 0       ; 0         ; 0    ; 0            ; 0          ; |pwm|senal:u2       ; senal       ; work         ;
;    |senal:u3|              ; 2 (2)               ; 1 (1)                     ; 0           ; 0          ; 0            ; 0       ; 0         ; 0    ; 0            ; 0          ; |pwm|senal:u3       ; senal       ; work         ;
;    |senal:u4|              ; 2 (2)               ; 1 (1)                     ; 0           ; 0          ; 0            ; 0       ; 0         ; 0    ; 0            ; 0          ; |pwm|senal:u4       ; senal       ; work         ;
;    |senal:u5|              ; 3 (3)               ; 1 (1)                     ; 0           ; 0          ; 0            ; 0       ; 0         ; 0    ; 0            ; 0          ; |pwm|senal:u5       ; senal       ; work         ;
;    |senal:u6|              ; 3 (3)               ; 1 (1)                     ; 0           ; 0          ; 0            ; 0       ; 0         ; 0    ; 0            ; 0          ; |pwm|senal:u6       ; senal       ; work         ;
;    |senal:u7|              ; 4 (4)               ; 1 (1)                     ; 0           ; 0          ; 0            ; 0       ; 0         ; 0    ; 0            ; 0          ; |pwm|senal:u7       ; senal       ; work         ;
;    |senal:u8|              ; 3 (3)               ; 1 (1)                     ; 0           ; 0          ; 0            ; 0       ; 0         ; 0    ; 0            ; 0          ; |pwm|senal:u8       ; senal       ; work         ;
;    |senal:u9|              ; 1 (1)               ; 1 (1)                     ; 0           ; 0          ; 0            ; 0       ; 0         ; 0    ; 0            ; 0          ; |pwm|senal:u9       ; senal       ; work         ;
+----------------------------+---------------------+---------------------------+-------------+------------+--------------+---------+-----------+------+--------------+------------+---------------------+-------------+--------------+
Note: For table entries with two numbers listed, the numbers in parentheses indicate the number of resources of the given type used by the specific entity alone. The numbers listed outside of parentheses indicate the total resources of the given type used by the specific entity and all of its sub-entities in the hierarchy.


+--------------------------------------------------------------------------+
; Registers Removed During Synthesis                                       ;
+----------------------------------------+---------------------------------+
; Register name                          ; Reason for Removal              ;
+----------------------------------------+---------------------------------+
; senal:u2|conteo[9]                     ; Merged with senal:u10|conteo[9] ;
; senal:u3|conteo[9]                     ; Merged with senal:u10|conteo[9] ;
; senal:u4|conteo[9]                     ; Merged with senal:u10|conteo[9] ;
; senal:u5|conteo[9]                     ; Merged with senal:u10|conteo[9] ;
; senal:u6|conteo[9]                     ; Merged with senal:u10|conteo[9] ;
; senal:u7|conteo[9]                     ; Merged with senal:u10|conteo[9] ;
; senal:u8|conteo[9]                     ; Merged with senal:u10|conteo[9] ;
; senal:u9|conteo[9]                     ; Merged with senal:u10|conteo[9] ;
; senal:u2|conteo[8]                     ; Merged with senal:u10|conteo[8] ;
; senal:u3|conteo[8]                     ; Merged with senal:u10|conteo[8] ;
; senal:u4|conteo[8]                     ; Merged with senal:u10|conteo[8] ;
; senal:u5|conteo[8]                     ; Merged with senal:u10|conteo[8] ;
; senal:u6|conteo[8]                     ; Merged with senal:u10|conteo[8] ;
; senal:u7|conteo[8]                     ; Merged with senal:u10|conteo[8] ;
; senal:u8|conteo[8]                     ; Merged with senal:u10|conteo[8] ;
; senal:u9|conteo[8]                     ; Merged with senal:u10|conteo[8] ;
; senal:u2|conteo[7]                     ; Merged with senal:u10|conteo[7] ;
; senal:u3|conteo[7]                     ; Merged with senal:u10|conteo[7] ;
; senal:u4|conteo[7]                     ; Merged with senal:u10|conteo[7] ;
; senal:u5|conteo[7]                     ; Merged with senal:u10|conteo[7] ;
; senal:u6|conteo[7]                     ; Merged with senal:u10|conteo[7] ;
; senal:u7|conteo[7]                     ; Merged with senal:u10|conteo[7] ;
; senal:u8|conteo[7]                     ; Merged with senal:u10|conteo[7] ;
; senal:u9|conteo[7]                     ; Merged with senal:u10|conteo[7] ;
; senal:u2|conteo[6]                     ; Merged with senal:u10|conteo[6] ;
; senal:u3|conteo[6]                     ; Merged with senal:u10|conteo[6] ;
; senal:u4|conteo[6]                     ; Merged with senal:u10|conteo[6] ;
; senal:u5|conteo[6]                     ; Merged with senal:u10|conteo[6] ;
; senal:u6|conteo[6]                     ; Merged with senal:u10|conteo[6] ;
; senal:u7|conteo[6]                     ; Merged with senal:u10|conteo[6] ;
; senal:u8|conteo[6]                     ; Merged with senal:u10|conteo[6] ;
; senal:u9|conteo[6]                     ; Merged with senal:u10|conteo[6] ;
; senal:u2|conteo[5]                     ; Merged with senal:u10|conteo[5] ;
; senal:u3|conteo[5]                     ; Merged with senal:u10|conteo[5] ;
; senal:u4|conteo[5]                     ; Merged with senal:u10|conteo[5] ;
; senal:u5|conteo[5]                     ; Merged with senal:u10|conteo[5] ;
; senal:u6|conteo[5]                     ; Merged with senal:u10|conteo[5] ;
; senal:u7|conteo[5]                     ; Merged with senal:u10|conteo[5] ;
; senal:u8|conteo[5]                     ; Merged with senal:u10|conteo[5] ;
; senal:u9|conteo[5]                     ; Merged with senal:u10|conteo[5] ;
; senal:u2|conteo[4]                     ; Merged with senal:u10|conteo[4] ;
; senal:u3|conteo[4]                     ; Merged with senal:u10|conteo[4] ;
; senal:u4|conteo[4]                     ; Merged with senal:u10|conteo[4] ;
; senal:u5|conteo[4]                     ; Merged with senal:u10|conteo[4] ;
; senal:u6|conteo[4]                     ; Merged with senal:u10|conteo[4] ;
; senal:u7|conteo[4]                     ; Merged with senal:u10|conteo[4] ;
; senal:u8|conteo[4]                     ; Merged with senal:u10|conteo[4] ;
; senal:u9|conteo[4]                     ; Merged with senal:u10|conteo[4] ;
; senal:u2|conteo[3]                     ; Merged with senal:u10|conteo[3] ;
; senal:u3|conteo[3]                     ; Merged with senal:u10|conteo[3] ;
; senal:u4|conteo[3]                     ; Merged with senal:u10|conteo[3] ;
; senal:u5|conteo[3]                     ; Merged with senal:u10|conteo[3] ;
; senal:u6|conteo[3]                     ; Merged with senal:u10|conteo[3] ;
; senal:u7|conteo[3]                     ; Merged with senal:u10|conteo[3] ;
; senal:u8|conteo[3]                     ; Merged with senal:u10|conteo[3] ;
; senal:u9|conteo[3]                     ; Merged with senal:u10|conteo[3] ;
; senal:u2|conteo[2]                     ; Merged with senal:u10|conteo[2] ;
; senal:u3|conteo[2]                     ; Merged with senal:u10|conteo[2] ;
; senal:u4|conteo[2]                     ; Merged with senal:u10|conteo[2] ;
; senal:u5|conteo[2]                     ; Merged with senal:u10|conteo[2] ;
; senal:u6|conteo[2]                     ; Merged with senal:u10|conteo[2] ;
; senal:u7|conteo[2]                     ; Merged with senal:u10|conteo[2] ;
; senal:u8|conteo[2]                     ; Merged with senal:u10|conteo[2] ;
; senal:u9|conteo[2]                     ; Merged with senal:u10|conteo[2] ;
; senal:u2|conteo[1]                     ; Merged with senal:u10|conteo[1] ;
; senal:u3|conteo[1]                     ; Merged with senal:u10|conteo[1] ;
; senal:u4|conteo[1]                     ; Merged with senal:u10|conteo[1] ;
; senal:u5|conteo[1]                     ; Merged with senal:u10|conteo[1] ;
; senal:u6|conteo[1]                     ; Merged with senal:u10|conteo[1] ;
; senal:u7|conteo[1]                     ; Merged with senal:u10|conteo[1] ;
; senal:u8|conteo[1]                     ; Merged with senal:u10|conteo[1] ;
; senal:u9|conteo[1]                     ; Merged with senal:u10|conteo[1] ;
; senal:u2|conteo[0]                     ; Merged with senal:u10|conteo[0] ;
; senal:u3|conteo[0]                     ; Merged with senal:u10|conteo[0] ;
; senal:u4|conteo[0]                     ; Merged with senal:u10|conteo[0] ;
; senal:u5|conteo[0]                     ; Merged with senal:u10|conteo[0] ;
; senal:u6|conteo[0]                     ; Merged with senal:u10|conteo[0] ;
; senal:u7|conteo[0]                     ; Merged with senal:u10|conteo[0] ;
; senal:u8|conteo[0]                     ; Merged with senal:u10|conteo[0] ;
; senal:u9|conteo[0]                     ; Merged with senal:u10|conteo[0] ;
; Total Number of Removed Registers = 80 ;                                 ;
+----------------------------------------+---------------------------------+


+------------------------------------------------------+
; General Register Statistics                          ;
+----------------------------------------------+-------+
; Statistic                                    ; Value ;
+----------------------------------------------+-------+
; Total registers                              ; 65    ;
; Number of registers using Synchronous Clear  ; 0     ;
; Number of registers using Synchronous Load   ; 0     ;
; Number of registers using Asynchronous Clear ; 0     ;
; Number of registers using Asynchronous Load  ; 0     ;
; Number of registers using Clock Enable       ; 0     ;
; Number of registers using Preset             ; 0     ;
+----------------------------------------------+-------+


+------------------------------------------------------------------------------------------------------------------------------------------+
; Multiplexer Restructuring Statistics (Restructuring Performed)                                                                           ;
+--------------------+-----------+---------------+----------------------+------------------------+------------+----------------------------+
; Multiplexer Inputs ; Bus Width ; Baseline Area ; Area if Restructured ; Saving if Restructured ; Registered ; Example Multiplexer Output ;
+--------------------+-----------+---------------+----------------------+------------------------+------------+----------------------------+
; 4:1                ; 9 bits    ; 18 LEs        ; 18 LEs               ; 0 LEs                  ; No         ; |pwm|corrim:u12|Mux12      ;
+--------------------+-----------+---------------+----------------------+------------------------+------------+----------------------------+


+------------------------------------------------------+
; Parameter Settings for User Entity Instance: divf:u1 ;
+----------------+-------+-----------------------------+
; Parameter Name ; Value ; Type                        ;
+----------------+-------+-----------------------------+
; num            ; 25000 ; Signed Integer              ;
+----------------+-------+-----------------------------+
Note: In order to hide this table in the UI and the text report file, please set the "Show Parameter Settings in Synthesis Report" option in "Analysis and Synthesis Settings -> More Settings" to "Off".


+-------------------------------------------------------+
; Parameter Settings for User Entity Instance: divf:u11 ;
+----------------+----------+---------------------------+
; Parameter Name ; Value    ; Type                      ;
+----------------+----------+---------------------------+
; num            ; 25000000 ; Signed Integer            ;
+----------------+----------+---------------------------+
Note: In order to hide this table in the UI and the text report file, please set the "Show Parameter Settings in Synthesis Report" option in "Analysis and Synthesis Settings -> More Settings" to "Off".


+-----------------------------------------------+
; Port Connectivity Checks: "senal:u10"         ;
+-------------+-------+----------+--------------+
; Port        ; Type  ; Severity ; Details      ;
+-------------+-------+----------+--------------+
; duty[1..0]  ; Input ; Info     ; Stuck at VCC ;
; duty[31..7] ; Input ; Info     ; Stuck at GND ;
; duty[5..4]  ; Input ; Info     ; Stuck at GND ;
; duty[6]     ; Input ; Info     ; Stuck at VCC ;
; duty[3]     ; Input ; Info     ; Stuck at VCC ;
; duty[2]     ; Input ; Info     ; Stuck at GND ;
+-------------+-------+----------+--------------+


+-----------------------------------------------+
; Port Connectivity Checks: "senal:u9"          ;
+-------------+-------+----------+--------------+
; Port        ; Type  ; Severity ; Details      ;
+-------------+-------+----------+--------------+
; duty[6..5]  ; Input ; Info     ; Stuck at VCC ;
; duty[3..0]  ; Input ; Info     ; Stuck at VCC ;
; duty[31..7] ; Input ; Info     ; Stuck at GND ;
; duty[4]     ; Input ; Info     ; Stuck at GND ;
+-------------+-------+----------+--------------+


+-----------------------------------------------+
; Port Connectivity Checks: "senal:u8"          ;
+-------------+-------+----------+--------------+
; Port        ; Type  ; Severity ; Details      ;
+-------------+-------+----------+--------------+
; duty[6..2]  ; Input ; Info     ; Stuck at VCC ;
; duty[31..7] ; Input ; Info     ; Stuck at GND ;
; duty[1]     ; Input ; Info     ; Stuck at GND ;
; duty[0]     ; Input ; Info     ; Stuck at VCC ;
+-------------+-------+----------+--------------+


+-----------------------------------------------+
; Port Connectivity Checks: "senal:u7"          ;
+-------------+-------+----------+--------------+
; Port        ; Type  ; Severity ; Details      ;
+-------------+-------+----------+--------------+
; duty[3..1]  ; Input ; Info     ; Stuck at VCC ;
; duty[31..8] ; Input ; Info     ; Stuck at GND ;
; duty[6..4]  ; Input ; Info     ; Stuck at GND ;
; duty[7]     ; Input ; Info     ; Stuck at VCC ;
; duty[0]     ; Input ; Info     ; Stuck at GND ;
+-------------+-------+----------+--------------+


+-----------------------------------------------+
; Port Connectivity Checks: "senal:u6"          ;
+-------------+-------+----------+--------------+
; Port        ; Type  ; Severity ; Details      ;
+-------------+-------+----------+--------------+
; duty[2..1]  ; Input ; Info     ; Stuck at VCC ;
; duty[31..8] ; Input ; Info     ; Stuck at GND ;
; duty[4..3]  ; Input ; Info     ; Stuck at GND ;
; duty[7]     ; Input ; Info     ; Stuck at VCC ;
; duty[6]     ; Input ; Info     ; Stuck at GND ;
; duty[5]     ; Input ; Info     ; Stuck at VCC ;
; duty[0]     ; Input ; Info     ; Stuck at GND ;
+-------------+-------+----------+--------------+


+-----------------------------------------------+
; Port Connectivity Checks: "senal:u5"          ;
+-------------+-------+----------+--------------+
; Port        ; Type  ; Severity ; Details      ;
+-------------+-------+----------+--------------+
; duty[7..3]  ; Input ; Info     ; Stuck at VCC ;
; duty[31..8] ; Input ; Info     ; Stuck at GND ;
; duty[2]     ; Input ; Info     ; Stuck at GND ;
; duty[1]     ; Input ; Info     ; Stuck at VCC ;
; duty[0]     ; Input ; Info     ; Stuck at GND ;
+-------------+-------+----------+--------------+


+-----------------------------------------------+
; Port Connectivity Checks: "senal:u4"          ;
+-------------+-------+----------+--------------+
; Port        ; Type  ; Severity ; Details      ;
+-------------+-------+----------+--------------+
; duty[3..2]  ; Input ; Info     ; Stuck at VCC ;
; duty[31..9] ; Input ; Info     ; Stuck at GND ;
; duty[5..4]  ; Input ; Info     ; Stuck at GND ;
; duty[8]     ; Input ; Info     ; Stuck at VCC ;
; duty[7]     ; Input ; Info     ; Stuck at GND ;
; duty[6]     ; Input ; Info     ; Stuck at VCC ;
; duty[1]     ; Input ; Info     ; Stuck at GND ;
; duty[0]     ; Input ; Info     ; Stuck at VCC ;
+-------------+-------+----------+--------------+


+-----------------------------------------------+
; Port Connectivity Checks: "senal:u3"          ;
+-------------+-------+----------+--------------+
; Port        ; Type  ; Severity ; Details      ;
+-------------+-------+----------+--------------+
; duty[8..4]  ; Input ; Info     ; Stuck at VCC ;
; duty[31..9] ; Input ; Info     ; Stuck at GND ;
; duty[1..0]  ; Input ; Info     ; Stuck at GND ;
; duty[3]     ; Input ; Info     ; Stuck at GND ;
; duty[2]     ; Input ; Info     ; Stuck at VCC ;
+-------------+-------+----------+--------------+


+------------------------------------------------+
; Port Connectivity Checks: "senal:u2"           ;
+--------------+-------+----------+--------------+
; Port         ; Type  ; Severity ; Details      ;
+--------------+-------+----------+--------------+
; duty[9..5]   ; Input ; Info     ; Stuck at VCC ;
; duty[2..0]   ; Input ; Info     ; Stuck at VCC ;
; duty[31..10] ; Input ; Info     ; Stuck at GND ;
; duty[4..3]   ; Input ; Info     ; Stuck at GND ;
+--------------+-------+----------+--------------+


+-----------------------------------------------------+
; Post-Synthesis Netlist Statistics for Top Partition ;
+-----------------------+-----------------------------+
; Type                  ; Count                       ;
+-----------------------+-----------------------------+
; boundary_port         ; 10                          ;
; cycloneiii_ff         ; 65                          ;
;     plain             ; 65                          ;
; cycloneiii_lcell_comb ; 155                         ;
;     arith             ; 47                          ;
;         2 data inputs ; 47                          ;
;     normal            ; 108                         ;
;         1 data inputs ; 3                           ;
;         2 data inputs ; 23                          ;
;         3 data inputs ; 24                          ;
;         4 data inputs ; 58                          ;
;                       ;                             ;
; Max LUT depth         ; 4.40                        ;
; Average LUT depth     ; 3.21                        ;
+-----------------------+-----------------------------+


+-------------------------------+
; Elapsed Time Per Partition    ;
+----------------+--------------+
; Partition Name ; Elapsed Time ;
+----------------+--------------+
; Top            ; 00:00:00     ;
+----------------+--------------+


+-------------------------------+
; Analysis & Synthesis Messages ;
+-------------------------------+
Info: *******************************************************************
Info: Running Quartus Prime Analysis & Synthesis
    Info: Version 18.1.0 Build 625 09/12/2018 SJ Lite Edition
    Info: Processing started: Sun Oct 16 20:43:50 2022
Info: Command: quartus_map --read_settings_files=on --write_settings_files=off pwm -c pwm
Warning (18236): Number of processors has not been specified which may cause overloading on shared machines.  Set the global assignment NUM_PARALLEL_PROCESSORS in your QSF to an appropriate value for best performance.
Info (20030): Parallel compilation is enabled and will use 4 of the 4 processors detected
Info (12021): Found 2 design units, including 1 entities, in source file pwm.vhd
    Info (12022): Found design unit 1: pwm-arqpwm File: C:/intelFPGA_lite/18.1/VLSI/practica4/ejercicio2/pwm.vhd Line: 9
    Info (12023): Found entity 1: pwm File: C:/intelFPGA_lite/18.1/VLSI/practica4/ejercicio2/pwm.vhd Line: 4
Info (12021): Found 2 design units, including 1 entities, in source file divf.vhd
    Info (12022): Found design unit 1: divf-arqdivf File: C:/intelFPGA_lite/18.1/VLSI/practica4/ejercicio2/divf.vhd Line: 10
    Info (12023): Found entity 1: divf File: C:/intelFPGA_lite/18.1/VLSI/practica4/ejercicio2/divf.vhd Line: 4
Info (12021): Found 2 design units, including 1 entities, in source file senal.vhd
    Info (12022): Found design unit 1: senal-arqsenal File: C:/intelFPGA_lite/18.1/VLSI/practica4/ejercicio2/senal.vhd Line: 11
    Info (12023): Found entity 1: senal File: C:/intelFPGA_lite/18.1/VLSI/practica4/ejercicio2/senal.vhd Line: 5
Info (12021): Found 2 design units, including 1 entities, in source file corri.vhd
    Info (12022): Found design unit 1: corri-a File: C:/intelFPGA_lite/18.1/VLSI/practica4/ejercicio2/corri.vhd Line: 10
    Info (12023): Found entity 1: corri File: C:/intelFPGA_lite/18.1/VLSI/practica4/ejercicio2/corri.vhd Line: 4
Info (12021): Found 2 design units, including 1 entities, in source file corrim.vhd
    Info (12022): Found design unit 1: corrim-a File: C:/intelFPGA_lite/18.1/VLSI/practica4/ejercicio2/corrim.vhd Line: 10
    Info (12023): Found entity 1: corrim File: C:/intelFPGA_lite/18.1/VLSI/practica4/ejercicio2/corrim.vhd Line: 4
Info (12127): Elaborating entity "pwm" for the top level hierarchy
Info (12129): Elaborating entity "divf" using architecture "A:arqdivf" for hierarchy "divf:u1" File: C:/intelFPGA_lite/18.1/VLSI/practica4/ejercicio2/pwm.vhd Line: 14
Info (12129): Elaborating entity "senal" using architecture "A:arqsenal" for hierarchy "senal:u2" File: C:/intelFPGA_lite/18.1/VLSI/practica4/ejercicio2/pwm.vhd Line: 15
Info (12129): Elaborating entity "divf" using architecture "A:arqdivf" for hierarchy "divf:u11" File: C:/intelFPGA_lite/18.1/VLSI/practica4/ejercicio2/pwm.vhd Line: 25
Info (12129): Elaborating entity "corrim" using architecture "A:a" for hierarchy "corrim:u12" File: C:/intelFPGA_lite/18.1/VLSI/practica4/ejercicio2/pwm.vhd Line: 26
Warning (10492): VHDL Process Statement warning at corrim.vhd(36): signal "s" is read inside the Process Statement but isn't in the Process Statement's sensitivity list File: C:/intelFPGA_lite/18.1/VLSI/practica4/ejercicio2/corrim.vhd Line: 36
Warning (10492): VHDL Process Statement warning at corrim.vhd(39): signal "s" is read inside the Process Statement but isn't in the Process Statement's sensitivity list File: C:/intelFPGA_lite/18.1/VLSI/practica4/ejercicio2/corrim.vhd Line: 39
Warning (10492): VHDL Process Statement warning at corrim.vhd(42): signal "s" is read inside the Process Statement but isn't in the Process Statement's sensitivity list File: C:/intelFPGA_lite/18.1/VLSI/practica4/ejercicio2/corrim.vhd Line: 42
Warning (10492): VHDL Process Statement warning at corrim.vhd(45): signal "s" is read inside the Process Statement but isn't in the Process Statement's sensitivity list File: C:/intelFPGA_lite/18.1/VLSI/practica4/ejercicio2/corrim.vhd Line: 45
Warning (10492): VHDL Process Statement warning at corrim.vhd(48): signal "s" is read inside the Process Statement but isn't in the Process Statement's sensitivity list File: C:/intelFPGA_lite/18.1/VLSI/practica4/ejercicio2/corrim.vhd Line: 48
Warning (10492): VHDL Process Statement warning at corrim.vhd(51): signal "s" is read inside the Process Statement but isn't in the Process Statement's sensitivity list File: C:/intelFPGA_lite/18.1/VLSI/practica4/ejercicio2/corrim.vhd Line: 51
Warning (10492): VHDL Process Statement warning at corrim.vhd(54): signal "s" is read inside the Process Statement but isn't in the Process Statement's sensitivity list File: C:/intelFPGA_lite/18.1/VLSI/practica4/ejercicio2/corrim.vhd Line: 54
Warning (10492): VHDL Process Statement warning at corrim.vhd(57): signal "s" is read inside the Process Statement but isn't in the Process Statement's sensitivity list File: C:/intelFPGA_lite/18.1/VLSI/practica4/ejercicio2/corrim.vhd Line: 57
Warning (10492): VHDL Process Statement warning at corrim.vhd(60): signal "s" is read inside the Process Statement but isn't in the Process Statement's sensitivity list File: C:/intelFPGA_lite/18.1/VLSI/practica4/ejercicio2/corrim.vhd Line: 60
Info (286030): Timing-Driven Synthesis is running
Info (16010): Generating hard_block partition "hard_block:auto_generated_inst"
    Info (16011): Adding 0 node(s), including 0 DDIO, 0 PLL, 0 transceiver and 0 LCELL
Info (21057): Implemented 165 device resources after synthesis - the final resource count might be different
    Info (21058): Implemented 1 input pins
    Info (21059): Implemented 9 output pins
    Info (21061): Implemented 155 logic cells
Info: Quartus Prime Analysis & Synthesis was successful. 0 errors, 10 warnings
    Info: Peak virtual memory: 4785 megabytes
    Info: Processing ended: Sun Oct 16 20:44:02 2022
    Info: Elapsed time: 00:00:12
    Info: Total CPU time (on all processors): 00:00:24


