------------------------------------------------------------
Timing Analyzer Summary
------------------------------------------------------------

Type  : Slow 1200mV 85C Model Setup 'clk'
Slack : -4.499
TNS   : -54.481

Type  : Slow 1200mV 85C Model Setup 'clkl'
Slack : -3.147
TNS   : -62.771

Type  : Slow 1200mV 85C Model Setup 'bandera1'
Slack : -2.714
TNS   : -59.538

Type  : Slow 1200mV 85C Model Hold 'clk'
Slack : 0.638
TNS   : 0.000

Type  : Slow 1200mV 85C Model Hold 'bandera1'
Slack : 0.645
TNS   : 0.000

Type  : Slow 1200mV 85C Model Hold 'clkl'
Slack : 0.646
TNS   : 0.000

Type  : Slow 1200mV 85C Model Minimum Pulse Width 'clk'
Slack : -3.000
TNS   : -39.478

Type  : Slow 1200mV 85C Model Minimum Pulse Width 'clkl'
Slack : -1.403
TNS   : -46.299

Type  : Slow 1200mV 85C Model Minimum Pulse Width 'bandera1'
Slack : -1.403
TNS   : -44.896

Type  : Slow 1200mV 0C Model Setup 'clk'
Slack : -4.082
TNS   : -47.679

Type  : Slow 1200mV 0C Model Setup 'clkl'
Slack : -2.831
TNS   : -53.736

Type  : Slow 1200mV 0C Model Setup 'bandera1'
Slack : -2.344
TNS   : -50.706

Type  : Slow 1200mV 0C Model Hold 'clk'
Slack : 0.590
TNS   : 0.000

Type  : Slow 1200mV 0C Model Hold 'bandera1'
Slack : 0.597
TNS   : 0.000

Type  : Slow 1200mV 0C Model Hold 'clkl'
Slack : 0.597
TNS   : 0.000

Type  : Slow 1200mV 0C Model Minimum Pulse Width 'clk'
Slack : -3.000
TNS   : -39.478

Type  : Slow 1200mV 0C Model Minimum Pulse Width 'clkl'
Slack : -1.403
TNS   : -46.299

Type  : Slow 1200mV 0C Model Minimum Pulse Width 'bandera1'
Slack : -1.403
TNS   : -44.896

Type  : Fast 1200mV 0C Model Setup 'clk'
Slack : -1.465
TNS   : -9.535

Type  : Fast 1200mV 0C Model Setup 'clkl'
Slack : -0.740
TNS   : -6.573

Type  : Fast 1200mV 0C Model Setup 'bandera1'
Slack : -0.513
TNS   : -5.890

Type  : Fast 1200mV 0C Model Hold 'clk'
Slack : 0.248
TNS   : 0.000

Type  : Fast 1200mV 0C Model Hold 'bandera1'
Slack : 0.250
TNS   : 0.000

Type  : Fast 1200mV 0C Model Hold 'clkl'
Slack : 0.250
TNS   : 0.000

Type  : Fast 1200mV 0C Model Minimum Pulse Width 'clk'
Slack : -3.000
TNS   : -29.869

Type  : Fast 1200mV 0C Model Minimum Pulse Width 'clkl'
Slack : -1.000
TNS   : -33.000

Type  : Fast 1200mV 0C Model Minimum Pulse Width 'bandera1'
Slack : -1.000
TNS   : -32.000

------------------------------------------------------------
