------------------------------------------------------------
Timing Analyzer Summary
------------------------------------------------------------

Type  : Slow 1200mV 85C Model Setup 'divf:u1|clkl'
Slack : -1.937
TNS   : -67.911

Type  : Slow 1200mV 85C Model Setup 'clk'
Slack : -1.003
TNS   : -1.003

Type  : Slow 1200mV 85C Model Hold 'divf:u1|clkl'
Slack : 0.419
TNS   : 0.000

Type  : Slow 1200mV 85C Model Hold 'clk'
Slack : 0.796
TNS   : 0.000

Type  : Slow 1200mV 85C Model Minimum Pulse Width 'clk'
Slack : -3.000
TNS   : -4.403

Type  : Slow 1200mV 85C Model Minimum Pulse Width 'divf:u1|clkl'
Slack : -1.403
TNS   : -58.926

Type  : Slow 1200mV 0C Model Setup 'divf:u1|clkl'
Slack : -1.669
TNS   : -58.584

Type  : Slow 1200mV 0C Model Setup 'clk'
Slack : -0.872
TNS   : -0.872

Type  : Slow 1200mV 0C Model Hold 'divf:u1|clkl'
Slack : 0.384
TNS   : 0.000

Type  : Slow 1200mV 0C Model Hold 'clk'
Slack : 0.712
TNS   : 0.000

Type  : Slow 1200mV 0C Model Minimum Pulse Width 'clk'
Slack : -3.000
TNS   : -4.403

Type  : Slow 1200mV 0C Model Minimum Pulse Width 'divf:u1|clkl'
Slack : -1.403
TNS   : -58.926

Type  : Fast 1200mV 0C Model Setup 'divf:u1|clkl'
Slack : -0.259
TNS   : -4.197

Type  : Fast 1200mV 0C Model Setup 'clk'
Slack : -0.103
TNS   : -0.103

Type  : Fast 1200mV 0C Model Hold 'divf:u1|clkl'
Slack : 0.168
TNS   : 0.000

Type  : Fast 1200mV 0C Model Hold 'clk'
Slack : 0.278
TNS   : 0.000

Type  : Fast 1200mV 0C Model Minimum Pulse Width 'clk'
Slack : -3.000
TNS   : -4.010

Type  : Fast 1200mV 0C Model Minimum Pulse Width 'divf:u1|clkl'
Slack : -1.000
TNS   : -42.000

------------------------------------------------------------
